
Allocating common symbols
Common symbol       size              file

saved_context_r13_irq
                    0x8               ./../mem_cpu.o
saved_context_r12_svc
                    0x8               ./../mem_cpu.o
debugger_buffer     0x100             ./../mem_printk.o
saved_spsr_fiq      0x4               ./../mem_cpu.o
saved_spsr_und      0x4               ./../mem_cpu.o
saved_spsr_irq      0x4               ./../mem_cpu.o
saved_context_r13_abt
                    0x8               ./../mem_cpu.o
saved_spsr_mon      0x4               ./../mem_cpu.o
saved_empty_context_svc
                    0xb0              ./../mem_cpu.o
saved_context_r13_fiq
                    0x1c              ./../mem_cpu.o
saved_cpsr_svc      0x4               ./../mem_cpu.o
saved_context_r13_sys
                    0x8               ./../mem_cpu.o
saved_spsr_abt      0x4               ./../mem_cpu.o
saved_context_r13_mon
                    0x8               ./../mem_cpu.o
saved_context       0xa0              ./../mem_cpu.o
saved_spsr_svc      0x4               ./../mem_cpu.o
saved_context_r13_und
                    0x8               ./../mem_cpu.o

Memory Configuration

Name             Origin             Length             Attributes
*default*        0x00000000         0xffffffff

Linker script and memory map

                0x00000000                __resume1_start = .

.text           0x00000000     0x2874
 ./super/resume/resume_head.o(.rodata)
 .rodata        0x00000000       0x30 ./super/resume/resume_head.o
                0x00000000                resume_head
 ./super/resume/resume1.o(.text)
 .text          0x00000030       0x60 ./super/resume/resume1.o
                0x00000030                _start
 *(.text)
 .text          0x00000090        0x0 ./super/resume/resume_head.o
 .text          0x00000090       0x24 ./super/common.o
                0x00000090                mem_memcpy
 .text          0x000000b4        0x0 ./super/super_twi.o
 .text          0x000000b4       0x28 ./super/super_delay.o
                0x000000b4                mem_delay
 .text          0x000000dc        0x0 ./super/super_clock.o
 .text          0x000000dc        0x0 ./super/super_power.o
 .text          0x000000dc       0xf0 ./super/super_cpus.o
                0x000000dc                cpucfg_set_cpu_reset_state
                0x00000120                super_enable_aw_cpu
 .text          0x000001cc      0x39c ./super/resume/resume1_c_part.o
                0x000001cc                resume1_c_part
                0x000002a4                set_pll
 .text          0x00000568      0x12c ./../pm_debug.o
                0x00000568                busy_waiting
                0x00000588                fake_busy_waiting
                0x000005a8                save_mem_flag
                0x000005ac                clear_mem_flag
                0x000005b0                save_mem_status
                0x000005d0                get_mem_status
                0x000005e0                save_mem_status_nommu
                0x000005fc                save_cpux_mem_status_nommu
                0x00000618                io_init
                0x00000630                io_init_high
                0x00000648                io_init_low
                0x00000660                io_high
 .text          0x00000694      0x26c ./../mem_timing.o
                0x00000694                init_perfcounters
                0x000006c0                backup_perfcounter
                0x000006dc                restore_perfcounter
                0x00000700                get_cyclecount
                0x00000708                reset_counter
                0x0000071c                change_runtime_env
                0x00000818                delay_us
                0x00000870                delay_ms
                0x0000087c                init_event_counter
                0x000008a8                set_event_counter
                0x000008d4                get_event_counter
 .text          0x00000900       0xa0 ./../mem_mmu_pc.o
                0x00000900                save_mmu_state
                0x0000093c                restore_mmu_state
 .text          0x000009a0      0x560 ./../mem_mmu_pc_asm.o
                0x000009a0                save_sp
                0x000009ac                save_sp_nommu
                0x000009b8                restore_sp
                0x000009c0                get_sp
                0x000009d0                invalidate_dcache
                0x00000a64                invalidate_icache
                0x00000a7c                flush_dcache
                0x00000b18                flush_icache
                0x00000b3c                disable_cache
                0x00000b5c                disable_dcache
                0x00000b78                disable_icache
                0x00000b94                disable_l2cache
                0x00000bb0                enable_cache
                0x00000bd0                enable_icache
                0x00000bec                invalidate_branch_predictor
                0x00000c04                disable_program_flow_prediction
                0x00000c20                enable_program_flow_prediction
                0x00000c3c                mem_flush_tlb
                0x00000c60                mem_preload_tlb
                0x00000d84                disable_mmu
                0x00000db4                enable_mmu
                0x00000df4                jump_to_suspend
                0x00000e10                jump_to_resume
                0x00000e30                jump_to_resume0
                0x00000e40                jump_to_resume0_nommu
 .text          0x00000f00      0x2dc ./../mem_cpu.o
                0x00000f00                __save_processor_state
                0x0000100c                __restore_processor_state
                0x000010e0                disable_cache_invalidate
                0x000010f8                set_copro_default
                0x000011a0                save_processor_state
                0x000011ac                restore_processor_state
                0x000011b8                restore_processor_ttbr0
                0x000011cc                set_ttbr0
 .text          0x000011dc      0x4c0 ./../mem_serial.o
                0x000012f0                serial_init_nommu
                0x00001390                serial_puts_nommu
                0x00001420                serial_gets_nommu
                0x000014ac                serial_init
                0x0000154c                serial_exit
                0x00001580                serial_puts
                0x00001610                serial_gets
 .text          0x0000169c      0x964 ./../mem_printk.o
                0x0000169c                strlen
                0x000016c8                strcpy
                0x000016e4                strncpy
                0x0000170c                strcat
                0x0000174c                strncat
                0x000017b4                strcmp
                0x000017e4                strncmp
                0x0000185c                itoa
                0x00001940                utoa
                0x000019fc                print_align
                0x00001a58                printk
                0x00001d2c                printk_nommu
 .text          0x00002000      0x1dc ./../mem_divlib.o
                0x00002000                standby_delay
                0x00002028                standby_delay_cycle
                0x00002034                Ldiv0
                0x00002044                __aeabi_uidiv
                0x000020e0                __aeabi_idiv
                0x000021ac                __aeabi_uidivmod
                0x000021c4                __aeabi_idivmod
 .text          0x000021dc       0x58 ./../mem_divlibc.o
                0x000021dc                __div0
                0x000021e8                raw_lib_udiv
 .text          0x00002234      0x18c ./../mem_int.o
                0x00002234                mem_int_init
                0x000022c4                mem_int_exit
                0x00002318                mem_enable_int
                0x00002370                mem_query_int
 .text          0x000023c0      0x198 ./../mem_tmr.o
                0x000023c0                mem_tmr_save
                0x00002420                mem_tmr_restore
                0x00002470                mem_tmr_init
                0x000024a8                mem_tmr_exit
                0x000024d0                mem_tmr_enable_watchdog
                0x00002518                mem_tmr_disable_watchdog
 .text          0x00002558      0x31c ./../mem_clk.o
                0x00002558                mem_clk_save
                0x000025f4                mem_clk_restore
                0x000026e0                mem_clk_init
                0x00002710                mem_clk_setdiv
                0x00002754                mem_clk_getdiv
                0x00002784                mem_clk_set_pll_factor
                0x000027d4                mem_clk_get_pll_factor
                0x00002810                mem_clk_set_misc
                0x00002848                mem_clk_get_misc

.glue_7         0x00002874        0x0
 .glue_7        0x00000000        0x0 linker stubs

.glue_7t        0x00002874        0x0
 .glue_7t       0x00000000        0x0 linker stubs

.vfp11_veneer   0x00002874        0x0
 .vfp11_veneer  0x00000000        0x0 linker stubs

.v4_bx          0x00002874        0x0
 .v4_bx         0x00000000        0x0 linker stubs

.iplt           0x00002874        0x0
 .iplt          0x00000000        0x0 ./super/resume/resume_head.o

.rodata         0x00002874       0x1c
 *(.rodata)
 .rodata        0x00002874       0x10 ./../mem_timing.o
 .rodata        0x00002884        0xc ./../mem_serial.o

.rodata.str1.4  0x00002890      0x120
 .rodata.str1.4
                0x00002890       0xbd ./super/resume/resume1_c_part.o
                                 0xc0 (size before relaxing)
 *fill*         0x0000294d        0x3 00
 .rodata.str1.4
                0x00002950       0x25 ./../mem_printk.o
                                 0x28 (size before relaxing)
 *fill*         0x00002975        0x3 00
 .rodata.str1.4
                0x00002978       0x1a ./../mem_divlibc.o
                                 0x1c (size before relaxing)
 *fill*         0x00002992        0x2 00
 .rodata.str1.4
                0x00002994       0x1c ./../mem_int.o

.rel.dyn        0x000029b0        0x0
 .rel.iplt      0x00000000        0x0 ./super/resume/resume_head.o

.data           0x000029b0        0x4
 *(.data)
 .data          0x000029b0        0x0 ./super/resume/resume_head.o
 .data          0x000029b0        0x0 ./super/resume/resume1.o
 .data          0x000029b0        0x0 ./super/common.o
 .data          0x000029b0        0x0 ./super/super_twi.o
 .data          0x000029b0        0x0 ./super/super_delay.o
 .data          0x000029b0        0x0 ./super/super_clock.o
 .data          0x000029b0        0x0 ./super/super_power.o
 .data          0x000029b0        0x0 ./super/super_cpus.o
 .data          0x000029b0        0x4 ./super/resume/resume1_c_part.o
 .data          0x000029b4        0x0 ./../pm_debug.o
 .data          0x000029b4        0x0 ./../mem_timing.o
 .data          0x000029b4        0x0 ./../mem_mmu_pc.o
 .data          0x000029b4        0x0 ./../mem_mmu_pc_asm.o
 .data          0x000029b4        0x0 ./../mem_cpu.o
 .data          0x000029b4        0x0 ./../mem_serial.o
 .data          0x000029b4        0x0 ./../mem_printk.o
 .data          0x000029b4        0x0 ./../mem_divlib.o
 .data          0x000029b4        0x0 ./../mem_divlibc.o
 .data          0x000029b4        0x0 ./../mem_int.o
 .data          0x000029b4        0x0 ./../mem_tmr.o
 .data          0x000029b4        0x0 ./../mem_clk.o
                0x000029b4                __bss_start = .

.igot.plt       0x000029b4        0x0
 .igot.plt      0x00000000        0x0 ./super/resume/resume_head.o

.bss            0x000029b4      0x4d4
 *(.sbss)
 *(.scommon)
 *(.bss)
 .bss           0x000029b4        0x0 ./super/resume/resume_head.o
 .bss           0x000029b4        0x0 ./super/resume/resume1.o
 .bss           0x000029b4        0x0 ./super/common.o
 .bss           0x000029b4        0x0 ./super/super_twi.o
 .bss           0x000029b4        0x0 ./super/super_delay.o
 .bss           0x000029b4        0x0 ./super/super_clock.o
 .bss           0x000029b4        0x0 ./super/super_power.o
 .bss           0x000029b4        0x0 ./super/super_cpus.o
 .bss           0x000029b4      0x1dc ./super/resume/resume1_c_part.o
 .bss           0x00002b90        0x4 ./../pm_debug.o
                0x00002b90                print_flag
 .bss           0x00002b94       0x10 ./../mem_timing.o
 .bss           0x00002ba4        0x0 ./../mem_mmu_pc.o
 .bss           0x00002ba4        0x0 ./../mem_mmu_pc_asm.o
 .bss           0x00002ba4        0x0 ./../mem_cpu.o
 .bss           0x00002ba4       0x10 ./../mem_serial.o
 .bss           0x00002bb4        0x0 ./../mem_printk.o
 .bss           0x00002bb4        0x0 ./../mem_divlib.o
 .bss           0x00002bb4        0x0 ./../mem_divlibc.o
 .bss           0x00002bb4        0x8 ./../mem_int.o
 .bss           0x00002bbc       0x10 ./../mem_tmr.o
 .bss           0x00002bcc        0x4 ./../mem_clk.o
 *(COMMON)
 COMMON         0x00002bd0      0x1b8 ./../mem_cpu.o
                0x00002bd0                saved_context_r13_irq
                0x00002bd8                saved_context_r12_svc
                0x00002be0                saved_spsr_fiq
                0x00002be4                saved_spsr_und
                0x00002be8                saved_spsr_irq
                0x00002bec                saved_context_r13_abt
                0x00002bf4                saved_spsr_mon
                0x00002bf8                saved_empty_context_svc
                0x00002ca8                saved_context_r13_fiq
                0x00002cc4                saved_cpsr_svc
                0x00002cc8                saved_context_r13_sys
                0x00002cd0                saved_spsr_abt
                0x00002cd4                saved_context_r13_mon
                0x00002cdc                saved_context
                0x00002d7c                saved_spsr_svc
                0x00002d80                saved_context_r13_und
 COMMON         0x00002d88      0x100 ./../mem_printk.o
                0x00002d88                debugger_buffer
                0x00002e88                __bss_end = .
                0x00002e88                __resume1_end = .
LOAD ./super/common.o
LOAD ./super/super_twi.o
LOAD ./super/super_delay.o
LOAD ./super/super_clock.o
LOAD ./super/super_power.o
LOAD ./super/super_cpus.o
LOAD ./super/resume/resume1.o
LOAD ./super/resume/resume_head.o
LOAD ./super/resume/resume1_c_part.o
LOAD ./../pm_debug.o
LOAD ./../mem_timing.o
LOAD ./../mem_mmu_pc.o
LOAD ./../mem_mmu_pc_asm.o
LOAD ./../mem_cpu.o
LOAD ./../mem_serial.o
LOAD ./../mem_printk.o
LOAD ./../mem_divlib.o
LOAD ./../mem_divlibc.o
LOAD ./../mem_int.o
LOAD ./../mem_tmr.o
LOAD ./../mem_clk.o
OUTPUT(resume1.elf elf32-littlearm)

.debug_info     0x00000000     0x9f78
 .debug_info    0x00000000      0x141 ./super/resume/resume_head.o
 .debug_info    0x00000141       0xb1 ./super/resume/resume1.o
 .debug_info    0x000001f2       0xd4 ./super/common.o
 .debug_info    0x000002c6       0x65 ./super/super_twi.o
 .debug_info    0x0000032b       0xae ./super/super_delay.o
 .debug_info    0x000003d9       0x65 ./super/super_clock.o
 .debug_info    0x0000043e       0x65 ./super/super_power.o
 .debug_info    0x000004a3      0x109 ./super/super_cpus.o
 .debug_info    0x000005ac     0x2a79 ./super/resume/resume1_c_part.o
 .debug_info    0x00003025      0x222 ./../pm_debug.o
 .debug_info    0x00003247      0x465 ./../mem_timing.o
 .debug_info    0x000036ac      0x148 ./../mem_mmu_pc.o
 .debug_info    0x000037f4       0xae ./../mem_mmu_pc_asm.o
 .debug_info    0x000038a2      0x521 ./../mem_cpu.o
 .debug_info    0x00003dc3     0x2963 ./../mem_serial.o
 .debug_info    0x00006726      0x983 ./../mem_printk.o
 .debug_info    0x000070a9       0xaa ./../mem_divlib.o
 .debug_info    0x00007153       0xec ./../mem_divlibc.o
 .debug_info    0x0000723f      0x1d9 ./../mem_int.o
 .debug_info    0x00007418      0x3e5 ./../mem_tmr.o
 .debug_info    0x000077fd     0x277b ./../mem_clk.o

.debug_abbrev   0x00000000     0x1262
 .debug_abbrev  0x00000000       0x7f ./super/resume/resume_head.o
 .debug_abbrev  0x0000007f       0x14 ./super/resume/resume1.o
 .debug_abbrev  0x00000093       0x8d ./super/common.o
 .debug_abbrev  0x00000120       0x2a ./super/super_twi.o
 .debug_abbrev  0x0000014a       0x14 ./super/super_delay.o
 .debug_abbrev  0x0000015e       0x2a ./super/super_clock.o
 .debug_abbrev  0x00000188       0x2a ./super/super_power.o
 .debug_abbrev  0x000001b2       0xb7 ./super/super_cpus.o
 .debug_abbrev  0x00000269      0x1c8 ./super/resume/resume1_c_part.o
 .debug_abbrev  0x00000431       0xe5 ./../pm_debug.o
 .debug_abbrev  0x00000516      0x1d7 ./../mem_timing.o
 .debug_abbrev  0x000006ed       0xa8 ./../mem_mmu_pc.o
 .debug_abbrev  0x00000795       0x14 ./../mem_mmu_pc_asm.o
 .debug_abbrev  0x000007a9      0x121 ./../mem_cpu.o
 .debug_abbrev  0x000008ca      0x36c ./../mem_serial.o
 .debug_abbrev  0x00000c36      0x257 ./../mem_printk.o
 .debug_abbrev  0x00000e8d       0x14 ./../mem_divlib.o
 .debug_abbrev  0x00000ea1       0x81 ./../mem_divlibc.o
 .debug_abbrev  0x00000f22       0xcb ./../mem_int.o
 .debug_abbrev  0x00000fed       0xda ./../mem_tmr.o
 .debug_abbrev  0x000010c7      0x19b ./../mem_clk.o

.debug_line     0x00000000     0x124b
 .debug_line    0x00000000       0x3d ./super/resume/resume_head.o
 .debug_line    0x0000003d       0x62 ./super/resume/resume1.o
 .debug_line    0x0000009f       0x52 ./super/common.o
 .debug_line    0x000000f1       0x1d ./super/super_twi.o
 .debug_line    0x0000010e       0x4e ./super/super_delay.o
 .debug_line    0x0000015c       0x1d ./super/super_clock.o
 .debug_line    0x00000179       0x1d ./super/super_power.o
 .debug_line    0x00000196       0x9f ./super/super_cpus.o
 .debug_line    0x00000235      0x1d3 ./super/resume/resume1_c_part.o
 .debug_line    0x00000408       0x8c ./../pm_debug.o
 .debug_line    0x00000494       0xf0 ./../mem_timing.o
 .debug_line    0x00000584       0x76 ./../mem_mmu_pc.o
 .debug_line    0x000005fa      0x19d ./../mem_mmu_pc_asm.o
 .debug_line    0x00000797       0xeb ./../mem_cpu.o
 .debug_line    0x00000882      0x209 ./../mem_serial.o
 .debug_line    0x00000a8b      0x3a3 ./../mem_printk.o
 .debug_line    0x00000e2e       0x90 ./../mem_divlib.o
 .debug_line    0x00000ebe       0x6b ./../mem_divlibc.o
 .debug_line    0x00000f29       0xdb ./../mem_int.o
 .debug_line    0x00001004       0xac ./../mem_tmr.o
 .debug_line    0x000010b0      0x19b ./../mem_clk.o

.debug_str      0x00000000     0x1cc6
 .debug_str     0x00000000      0x186 ./super/resume/resume_head.o
                                0x19f (size before relaxing)
 .debug_str     0x00000186       0x51 ./super/common.o
                                0x145 (size before relaxing)
 .debug_str     0x000001d7       0x14 ./super/super_twi.o
                                0x123 (size before relaxing)
 .debug_str     0x000001eb       0x16 ./super/super_clock.o
                                0x125 (size before relaxing)
 .debug_str     0x00000201       0x16 ./super/super_power.o
                                0x125 (size before relaxing)
 .debug_str     0x00000217       0x60 ./super/super_cpus.o
                                0x181 (size before relaxing)
 .debug_str     0x00000277      0xf7d ./super/resume/resume1_c_part.o
                               0x1103 (size before relaxing)
 .debug_str     0x000011f4       0xd2 ./../pm_debug.o
                                0x1e2 (size before relaxing)
 .debug_str     0x000012c6      0x1cb ./../mem_timing.o
                                0x2e9 (size before relaxing)
 .debug_str     0x00001491       0x33 ./../mem_mmu_pc.o
                                0x18f (size before relaxing)
 .debug_str     0x000014c4      0x1c1 ./../mem_cpu.o
                                0x3dc (size before relaxing)
 .debug_str     0x00001685      0x14e ./../mem_serial.o
                                0xeb7 (size before relaxing)
 .debug_str     0x000017d3       0xe6 ./../mem_printk.o
                                0x214 (size before relaxing)
 .debug_str     0x000018b9       0x4e ./../mem_divlibc.o
                                0x157 (size before relaxing)
 .debug_str     0x00001907       0xf9 ./../mem_int.o
                                0x202 (size before relaxing)
 .debug_str     0x00001a00      0x207 ./../mem_tmr.o
                                0x36a (size before relaxing)
 .debug_str     0x00001c07       0xbf ./../mem_clk.o
                                0xea1 (size before relaxing)

.comment        0x00000000       0x64
 .comment       0x00000000       0x64 ./super/resume/resume_head.o
                                 0x65 (size before relaxing)
 .comment       0x00000000       0x65 ./super/common.o
 .comment       0x00000000       0x65 ./super/super_twi.o
 .comment       0x00000000       0x65 ./super/super_clock.o
 .comment       0x00000000       0x65 ./super/super_power.o
 .comment       0x00000000       0x65 ./super/super_cpus.o
 .comment       0x00000000       0x65 ./super/resume/resume1_c_part.o
 .comment       0x00000000       0x65 ./../pm_debug.o
 .comment       0x00000000       0x65 ./../mem_timing.o
 .comment       0x00000000       0x65 ./../mem_mmu_pc.o
 .comment       0x00000000       0x65 ./../mem_cpu.o
 .comment       0x00000000       0x65 ./../mem_serial.o
 .comment       0x00000000       0x65 ./../mem_printk.o
 .comment       0x00000000       0x65 ./../mem_divlibc.o
 .comment       0x00000000       0x65 ./../mem_int.o
 .comment       0x00000000       0x65 ./../mem_tmr.o
 .comment       0x00000000       0x65 ./../mem_clk.o

.note.GNU-stack
                0x00000000        0x0
 .note.GNU-stack
                0x00000000        0x0 ./super/resume/resume_head.o
 .note.GNU-stack
                0x00000000        0x0 ./super/common.o
 .note.GNU-stack
                0x00000000        0x0 ./super/super_twi.o
 .note.GNU-stack
                0x00000000        0x0 ./super/super_clock.o
 .note.GNU-stack
                0x00000000        0x0 ./super/super_power.o
 .note.GNU-stack
                0x00000000        0x0 ./super/super_cpus.o
 .note.GNU-stack
                0x00000000        0x0 ./super/resume/resume1_c_part.o
 .note.GNU-stack
                0x00000000        0x0 ./../pm_debug.o
 .note.GNU-stack
                0x00000000        0x0 ./../mem_timing.o
 .note.GNU-stack
                0x00000000        0x0 ./../mem_mmu_pc.o
 .note.GNU-stack
                0x00000000        0x0 ./../mem_cpu.o
 .note.GNU-stack
                0x00000000        0x0 ./../mem_serial.o
 .note.GNU-stack
                0x00000000        0x0 ./../mem_printk.o
 .note.GNU-stack
                0x00000000        0x0 ./../mem_divlibc.o
 .note.GNU-stack
                0x00000000        0x0 ./../mem_int.o
 .note.GNU-stack
                0x00000000        0x0 ./../mem_tmr.o
 .note.GNU-stack
                0x00000000        0x0 ./../mem_clk.o

.ARM.attributes
                0x00000000       0x33
 .ARM.attributes
                0x00000000       0x35 ./super/resume/resume_head.o
 .ARM.attributes
                0x00000035       0x21 ./super/resume/resume1.o
 .ARM.attributes
                0x00000056       0x35 ./super/common.o
 .ARM.attributes
                0x0000008b       0x35 ./super/super_twi.o
 .ARM.attributes
                0x000000c0       0x21 ./super/super_delay.o
 .ARM.attributes
                0x000000e1       0x35 ./super/super_clock.o
 .ARM.attributes
                0x00000116       0x35 ./super/super_power.o
 .ARM.attributes
                0x0000014b       0x35 ./super/super_cpus.o
 .ARM.attributes
                0x00000180       0x35 ./super/resume/resume1_c_part.o
 .ARM.attributes
                0x000001b5       0x35 ./../pm_debug.o
 .ARM.attributes
                0x000001ea       0x35 ./../mem_timing.o
 .ARM.attributes
                0x0000021f       0x35 ./../mem_mmu_pc.o
 .ARM.attributes
                0x00000254       0x21 ./../mem_mmu_pc_asm.o
 .ARM.attributes
                0x00000275       0x35 ./../mem_cpu.o
 .ARM.attributes
                0x000002aa       0x35 ./../mem_serial.o
 .ARM.attributes
                0x000002df       0x35 ./../mem_printk.o
 .ARM.attributes
                0x00000314       0x21 ./../mem_divlib.o
 .ARM.attributes
                0x00000335       0x35 ./../mem_divlibc.o
 .ARM.attributes
                0x0000036a       0x35 ./../mem_int.o
 .ARM.attributes
                0x0000039f       0x35 ./../mem_tmr.o
 .ARM.attributes
                0x000003d4       0x35 ./../mem_clk.o

.debug_aranges  0x00000000      0x220
 .debug_aranges
                0x00000000       0x20 ./super/resume/resume1.o
 .debug_aranges
                0x00000020       0x20 ./super/common.o
 .debug_aranges
                0x00000040       0x20 ./super/super_delay.o
 .debug_aranges
                0x00000060       0x20 ./super/super_cpus.o
 .debug_aranges
                0x00000080       0x20 ./super/resume/resume1_c_part.o
 .debug_aranges
                0x000000a0       0x20 ./../pm_debug.o
 .debug_aranges
                0x000000c0       0x20 ./../mem_timing.o
 .debug_aranges
                0x000000e0       0x20 ./../mem_mmu_pc.o
 .debug_aranges
                0x00000100       0x20 ./../mem_mmu_pc_asm.o
 .debug_aranges
                0x00000120       0x20 ./../mem_cpu.o
 .debug_aranges
                0x00000140       0x20 ./../mem_serial.o
 .debug_aranges
                0x00000160       0x20 ./../mem_printk.o
 .debug_aranges
                0x00000180       0x20 ./../mem_divlib.o
 .debug_aranges
                0x000001a0       0x20 ./../mem_divlibc.o
 .debug_aranges
                0x000001c0       0x20 ./../mem_int.o
 .debug_aranges
                0x000001e0       0x20 ./../mem_tmr.o
 .debug_aranges
                0x00000200       0x20 ./../mem_clk.o

.debug_loc      0x00000000     0x1a50
 .debug_loc     0x00000000       0x66 ./super/common.o
 .debug_loc     0x00000066       0xf6 ./super/super_cpus.o
 .debug_loc     0x0000015c       0xd8 ./super/resume/resume1_c_part.o
 .debug_loc     0x00000234       0xf1 ./../pm_debug.o
 .debug_loc     0x00000325      0x3b9 ./../mem_timing.o
 .debug_loc     0x000006de       0x42 ./../mem_cpu.o
 .debug_loc     0x00000720      0x377 ./../mem_serial.o
 .debug_loc     0x00000a97      0xc1d ./../mem_printk.o
 .debug_loc     0x000016b4       0xb2 ./../mem_divlibc.o
 .debug_loc     0x00001766      0x175 ./../mem_int.o
 .debug_loc     0x000018db       0x3c ./../mem_tmr.o
 .debug_loc     0x00001917      0x139 ./../mem_clk.o

.debug_frame    0x00000000      0x710
 .debug_frame   0x00000000       0x20 ./super/common.o
 .debug_frame   0x00000020       0x40 ./super/super_cpus.o
 .debug_frame   0x00000060       0x48 ./super/resume/resume1_c_part.o
 .debug_frame   0x000000a8       0xf0 ./../pm_debug.o
 .debug_frame   0x00000198       0xd8 ./../mem_timing.o
 .debug_frame   0x00000270       0x30 ./../mem_mmu_pc.o
 .debug_frame   0x000002a0       0x90 ./../mem_cpu.o
 .debug_frame   0x00000330       0xd4 ./../mem_serial.o
 .debug_frame   0x00000404      0x15c ./../mem_printk.o
 .debug_frame   0x00000560       0x30 ./../mem_divlibc.o
 .debug_frame   0x00000590       0x64 ./../mem_int.o
 .debug_frame   0x000005f4       0x70 ./../mem_tmr.o
 .debug_frame   0x00000664       0xac ./../mem_clk.o

.debug_ranges   0x00000000      0x1a0
 .debug_ranges  0x00000000      0x170 ./../mem_serial.o
 .debug_ranges  0x00000170       0x30 ./../mem_printk.o
